// Vitest Snapshot v1, https://vitest.dev/guide/snapshot.html

exports[`Pages render > should match the snapshot for 404 page 1`] = `
<div>
  <main
    class="_main_b05d49"
  >
    <div
      class="_container_b05d49"
    >
      <h1
        class="_title_b05d49"
      >
        404
      </h1>
      <p
        class="_text_b05d49"
      >
        The page you requested was not found.
      </p>
      <div
        class="_buttons_b05d49"
      >
        <button
          class="_button_1c0f93 _button--tertiary_1c0f93"
          type="button"
        >
          Previous page
        </button>
        <button
          class="_button_1c0f93 _button--tertiary_1c0f93"
          type="button"
        >
          Home page
        </button>
      </div>
    </div>
  </main>
</div>
`;

exports[`Pages render > should match the snapshot for error page 1`] = `
<div>
  <html
    lang="en"
  >
    <body>
      <div
        class="_container_6f7f49"
      >
        <main
          class="_main_efc1ab"
        >
          <div
            class="_container_efc1ab"
          >
            <h1
              class="_header_efc1ab"
            >
              Oops!
            </h1>
            <p
              class="_text_efc1ab"
            >
              Sorry, an unexpected error has occurred.
            </p>
            <p
              class="_errorDesc_efc1ab"
            >
              Error message:
            </p>
            <p
              class="_error_efc1ab"
            >
              Error throwing button was clicked
            </p>
            <p
              class="_text_efc1ab"
            >
              Please try to refresh the page.
            </p>
            <button
              class="_button_1c0f93 _button--primary_1c0f93 _refreshBtn_efc1ab"
              type="button"
            >
              Refresh the page
            </button>
          </div>
        </main>
      </div>
    </body>
  </html>
</div>
`;

exports[`Pages render > should match the snapshot for main page 1`] = `
<div>
  <div
    class="_page_9337c1"
  >
    <header
      class="_header_accb48"
    >
      <div
        class="_container_accb48"
      >
        <h1
          class="visually-hidden"
        >
          Rick and Morty characters
        </h1>
        <form
          class="_form_1de04e"
        >
          <input
            autocomplete="off"
            class="_input_1de04e"
            placeholder="Enter character nameâ€¦"
            type="search"
            value=""
          />
          <button
            class="_button_1c0f93 _button--secondary_1c0f93"
            type="submit"
          >
            Search
          </button>
        </form>
        <button
          class="_button_1c0f93 _button--cancel_1c0f93"
          type="button"
        >
          Throw error
        </button>
        <button
          class="_button_1c0f93 _button--secondary_1c0f93 _button_628325 __628325"
          type="button"
        >
          <span
            class="visually-hidden"
          >
            Switch to dark theme
          </span>
        </button>
      </div>
    </header>
    <p>
      AsyncWrapper
    </p>
  </div>
</div>
`;
